kotlin version: 2.0.21
error message: java.lang.RuntimeException: Error generating class file com/tonorbe/trainerfish/ReplayScreenKt.class (compiled from [C:\Users\clibu\AndroidStudioProjects\Puzzles\app\src\main\java\com\tonorbe\trainerfish\ReplayScreen.kt]): Method too large: com/tonorbe/trainerfish/ReplayScreenKt.ReplayScreen (Landroid/content/Context;Lkotlin/jvm/functions/Function0;Lkotlin/jvm/functions/Function1;Lkotlin/jvm/functions/Function0;ZLandroidx/compose/runtime/Composer;II)V
	at org.jetbrains.kotlin.codegen.ClassFileFactory$OutputClassFile.asByteArray(ClassFileFactory.java:325)
	at org.jetbrains.kotlin.cli.common.output.OutputUtilsKt.writeAll(outputUtils.kt:33)
	at org.jetbrains.kotlin.cli.common.output.OutputUtilsKt.writeAllTo(outputUtils.kt:47)
	at org.jetbrains.kotlin.cli.common.output.OutputUtilsKt.writeAll(outputUtils.kt:52)
	at org.jetbrains.kotlin.cli.jvm.compiler.CliCompilerUtilsKt.writeOutput(cliCompilerUtils.kt:133)
	at org.jetbrains.kotlin.cli.jvm.compiler.CliCompilerUtilsKt.createOutputFilesFlushingCallbackIfPossible$lambda$7(cliCompilerUtils.kt:94)
	at org.jetbrains.kotlin.codegen.state.GenerationStateKt$GenerationStateEventCallback$1.invoke(GenerationState.kt:399)
	at org.jetbrains.kotlin.codegen.state.GenerationStateKt$GenerationStateEventCallback$1.invoke(GenerationState.kt:398)
	at org.jetbrains.kotlin.codegen.state.GenerationState.afterIndependentPart(GenerationState.kt:350)
	at org.jetbrains.kotlin.backend.jvm.JvmIrCodegenFactory.invokeCodegen(JvmIrCodegenFactory.kt:376)
	at org.jetbrains.kotlin.codegen.CodegenFactory.generateModule(CodegenFactory.kt:47)
	at org.jetbrains.kotlin.backend.jvm.JvmIrCodegenFactory.generateModuleInFrontendIRMode(JvmIrCodegenFactory.kt:433)
	at org.jetbrains.kotlin.cli.jvm.compiler.pipeline.JvmCompilerPipelineKt.generateCodeFromIr(jvmCompilerPipeline.kt:246)
	at org.jetbrains.kotlin.cli.jvm.compiler.pipeline.JvmCompilerPipelineKt.compileModulesUsingFrontendIrAndLightTree(jvmCompilerPipeline.kt:142)
	at org.jetbrains.kotlin.cli.jvm.K2JVMCompiler.doExecute(K2JVMCompiler.kt:148)
	at org.jetbrains.kotlin.cli.jvm.K2JVMCompiler.doExecute(K2JVMCompiler.kt:43)
	at org.jetbrains.kotlin.cli.common.CLICompiler.execImpl(CLICompiler.kt:103)
	at org.jetbrains.kotlin.cli.common.CLICompiler.execImpl(CLICompiler.kt:49)
	at org.jetbrains.kotlin.cli.common.CLITool.exec(CLITool.kt:101)
	at org.jetbrains.kotlin.daemon.CompileServiceImpl.compile(CompileServiceImpl.kt:1555)
	at java.base/jdk.internal.reflect.DirectMethodHandleAccessor.invoke(Unknown Source)
	at java.base/java.lang.reflect.Method.invoke(Unknown Source)
	at java.rmi/sun.rmi.server.UnicastServerRef.dispatch(Unknown Source)
	at java.rmi/sun.rmi.transport.Transport$1.run(Unknown Source)
	at java.rmi/sun.rmi.transport.Transport$1.run(Unknown Source)
	at java.base/java.security.AccessController.doPrivileged(Unknown Source)
	at java.rmi/sun.rmi.transport.Transport.serviceCall(Unknown Source)
	at java.rmi/sun.rmi.transport.tcp.TCPTransport.handleMessages(Unknown Source)
	at java.rmi/sun.rmi.transport.tcp.TCPTransport$ConnectionHandler.run0(Unknown Source)
	at java.rmi/sun.rmi.transport.tcp.TCPTransport$ConnectionHandler.lambda$run$0(Unknown Source)
	at java.base/java.security.AccessController.doPrivileged(Unknown Source)
	at java.rmi/sun.rmi.transport.tcp.TCPTransport$ConnectionHandler.run(Unknown Source)
	at java.base/java.util.concurrent.ThreadPoolExecutor.runWorker(Unknown Source)
	at java.base/java.util.concurrent.ThreadPoolExecutor$Worker.run(Unknown Source)
	at java.base/java.lang.Thread.run(Unknown Source)
Caused by: org.jetbrains.org.objectweb.asm.MethodTooLargeException: Method too large: com/tonorbe/trainerfish/ReplayScreenKt.ReplayScreen (Landroid/content/Context;Lkotlin/jvm/functions/Function0;Lkotlin/jvm/functions/Function1;Lkotlin/jvm/functions/Function0;ZLandroidx/compose/runtime/Composer;II)V
	at org.jetbrains.org.objectweb.asm.MethodWriter.computeMethodInfoSize(MethodWriter.java:2087)
	at org.jetbrains.org.objectweb.asm.ClassWriter.toByteArray(ClassWriter.java:489)
	at org.jetbrains.kotlin.codegen.ClassBuilderFactories$2.asBytes(ClassBuilderFactories.java:118)
	at org.jetbrains.kotlin.codegen.DelegatingClassBuilderFactory.asBytes(DelegatingClassBuilderFactory.kt:36)
	at org.jetbrains.kotlin.codegen.DelegatingClassBuilderFactory.asBytes(DelegatingClassBuilderFactory.kt:36)
	at org.jetbrains.kotlin.codegen.ClassFileFactory$ClassBuilderAndSourceFileList.asBytes(ClassFileFactory.java:358)
	at org.jetbrains.kotlin.codegen.ClassFileFactory$OutputClassFile.asByteArray(ClassFileFactory.java:322)
	... 34 more


